main.c:112:5:main	8	static
main.c:173:6:SystemClock_Config	88	static
main.c:218:13:MX_TIM2_Init	64	static
main.c:276:13:MX_TIM3_Init	48	static
main.c:334:13:MX_USART2_UART_Init	8	static
main.c:367:13:MX_GPIO_Init	48	static
main.c:406:6:HAL_TIM_OC_DelayElapsedCallback	16	static
main.c:417:6:HAL_TIM_IC_CaptureCallback	16	static
main.c:431:6:HAL_TIM_PeriodElapsedCallback	16	static
main.c:441:8:readReceivedValue	16	static
main.c:450:6:processReceivedValue	16	static
main.c:494:6:processCapturedEdge	16	static
main.c:535:6:HAL_UART_RxCpltCallback	16	static
main.c:548:6:Error_Handler	4	static,ignoring_inline_asm
