main.c:112:5:main	8	static
main.c:165:6:SystemClock_Config	88	static
main.c:210:13:MX_TIM2_Init	64	static
main.c:268:13:MX_TIM3_Init	48	static
main.c:327:13:MX_USART2_UART_Init	8	static
main.c:360:13:MX_GPIO_Init	48	static
main.c:399:6:HAL_TIM_OC_DelayElapsedCallback	16	static
main.c:409:6:HAL_TIM_IC_CaptureCallback	16	static
main.c:419:6:HAL_TIM_PeriodElapsedCallback	16	static
main.c:428:8:readReceivedValue	16	static
main.c:437:6:processReceivedValue	16	static
main.c:476:6:processCapturedEdge	16	static
main.c:518:6:HAL_UART_RxCpltCallback	16	static
main.c:527:6:Error_Handler	4	static,ignoring_inline_asm
