main.c:100:5:main	8	static
main.c:171:6:SystemClock_Config	88	static
main.c:216:13:MX_TIM2_Init	64	static
main.c:274:13:MX_TIM3_Init	48	static
main.c:332:13:MX_USART2_UART_Init	8	static
main.c:365:13:MX_GPIO_Init	48	static
main.c:404:6:HAL_TIM_OC_DelayElapsedCallback	16	static
main.c:415:6:HAL_TIM_IC_CaptureCallback	16	static
main.c:425:6:processCapturedData	16	static
main.c:473:6:HAL_TIM_PeriodElapsedCallback	16	static
main.c:483:6:processReceivedData	8	static
main.c:499:6:HAL_UART_TxCpltCallback	16	static
main.c:502:6:HAL_UART_RxCpltCallback	16	static
main.c:516:6:Error_Handler	4	static,ignoring_inline_asm
