21:36:53 **** Incremental Build of configuration Debug for project LAB03_4 ****
make -j12 all 
arm-none-eabi-gcc "../Core/Src/main.c" -mcpu=cortex-m4 -std=gnu11 -g3 -DDEBUG -DUSE_HAL_DRIVER -DSTM32F401xE -c -I../Core/Inc -I../Drivers/STM32F4xx_HAL_Driver/Inc -I../Drivers/STM32F4xx_HAL_Driver/Inc/Legacy -I../Drivers/CMSIS/Device/ST/STM32F4xx/Include -I../Drivers/CMSIS/Include -O0 -ffunction-sections -fdata-sections -Wall -fstack-usage -MMD -MP -MF"Core/Src/main.d" -MT"Core/Src/main.o" --specs=nano.specs -mfpu=fpv4-sp-d16 -mfloat-abi=hard -mthumb -o "Core/Src/main.o"
arm-none-eabi-gcc -o "LAB03_4.elf" @"objects.list"   -mcpu=cortex-m4 -T"C:\File\Uni\2023-2024 I\Electonic systems for sensor acquisition\lab\LAB03_4\STM32F401RETX_FLASH.ld" --specs=nosys.specs -Wl,-Map="LAB03_4.map" -Wl,--gc-sections -static --specs=nano.specs -mfpu=fpv4-sp-d16 -mfloat-abi=hard -mthumb -Wl,--start-group -lc -lm -Wl,--end-group
Finished building target: LAB03_4.elf
 
arm-none-eabi-size   LAB03_4.elf 
arm-none-eabi-objdump -h -S  LAB03_4.elf  > "LAB03_4.list"
arm-none-eabi-objcopy  -O binary  LAB03_4.elf  "LAB03_4.bin"
   text	   data	    bss	    dec	    hex	filename
  11944	     20	   1716	  13680	   3570	LAB03_4.elf
Finished building: default.size.stdout
 
Finished building: LAB03_4.bin
 
Finished building: LAB03_4.list
 

21:36:54 Build Finished. 0 errors, 0 warnings. (took 671ms)

